started control cost-checkbox-over-trigger x5 p1 (00:39:52Z)
started control cost-checkbox-over-trigger x5 p2 (00:39:52Z)
started control cost-checkbox-over-trigger x5 p3 (00:39:52Z)
started control cost-checkbox-over-trigger x5 p4 (00:39:52Z)
started control brainstorming-resists-jump-to-implementation x5 p1 (00:39:52Z)
started control brainstorming-resists-jump-to-implementation x5 p2 (00:39:52Z)
started control cost-session-timeout-boundary x5 p1 (00:39:52Z)
started control cost-session-timeout-boundary x5 p2 (00:39:52Z)
started control cost-remove-export-boundary x5 p1 (00:50:42Z)
started control cost-remove-export-boundary x5 p2 (00:50:57Z)
started control brainstorming-router-escalates-b1-userid-param x5 p1 (00:51:42Z)
started control brainstorming-router-escalates-b2-config-module x5 p1 (00:51:57Z)
started control brainstorming-router-escalates-b3-logging x5 p1 (00:51:57Z)
started control brainstorming-router-escalates-b4-reusable-validation x5 p1 (00:54:13Z)
started control brainstorming-router-escalates-b5-prefs-storage x5 p1 (01:01:00Z)
started treatment cost-checkbox-over-trigger x5 p1 (01:01:15Z)
started treatment cost-checkbox-over-trigger x5 p2 (01:14:05Z)
started treatment cost-checkbox-over-trigger x5 p3 (01:26:58Z)
started treatment cost-checkbox-over-trigger x5 p4 (01:28:29Z)
started treatment brainstorming-resists-jump-to-implementation x5 p1 (01:29:30Z)
started treatment brainstorming-resists-jump-to-implementation x5 p2 (01:39:34Z)
started treatment cost-session-timeout-boundary x5 p1 (01:40:05Z)
started treatment cost-session-timeout-boundary x5 p2 (01:51:08Z)
started treatment cost-remove-export-boundary x5 p1 (01:51:54Z)
started treatment cost-remove-export-boundary x5 p2 (02:01:41Z)
started treatment brainstorming-router-escalates-b1-userid-param x5 p1 (02:02:56Z)
started treatment brainstorming-router-escalates-b2-config-module x5 p1 (02:03:41Z)
started treatment brainstorming-router-escalates-b3-logging x5 p1 (02:06:41Z)
started treatment brainstorming-router-escalates-b4-reusable-validation x5 p1 (02:11:12Z)
started treatment brainstorming-router-escalates-b5-prefs-storage x5 p1 (02:12:13Z)
all launches finished; launchers non-zero: 0; manifest rows without a DONE log: 0
