started treatment cost-remove-export-boundary x5 p1 default (06:38:29Z)
started treatment cost-remove-export-boundary x5 p2 default (06:38:29Z)
started treatment cost-remove-export-boundary x5 p3 default (06:38:29Z)
started treatment cost-remove-export-boundary x5 p4 default (06:38:30Z)
started treatment cost-remove-export-boundary x5 p5 default (06:38:30Z)
started treatment cost-remove-export-boundary x5 p6 default (06:38:30Z)
started treatment cost-remove-export-boundary x5 p7 default (06:38:30Z)
started treatment cost-remove-export-boundary x5 p8 default (06:38:30Z)
started treatment cost-session-timeout-boundary x5 p1 default (06:52:20Z)
started treatment cost-session-timeout-boundary x5 p2 default (06:53:05Z)
started treatment cost-session-timeout-boundary x5 p3 default (06:53:20Z)
started treatment cost-session-timeout-boundary x5 p4 default (06:53:20Z)
started treatment cost-session-timeout-boundary x5 p5 default (06:53:20Z)
started treatment cost-session-timeout-boundary x5 p6 default (06:53:35Z)
started treatment cost-session-timeout-boundary x5 p7 default (06:54:05Z)
started treatment cost-session-timeout-boundary x5 p8 default (06:54:20Z)
started treatment cost-public-route-boundary x5 p1 default (07:04:07Z)
started treatment cost-public-route-boundary x5 p2 default (07:04:37Z)
started treatment cost-public-route-boundary x5 p3 default (07:04:52Z)
started treatment cost-public-route-boundary x5 p4 default (07:05:22Z)
started treatment cost-public-route-boundary x5 p5 default (07:05:22Z)
started treatment cost-public-route-boundary x5 p6 default (07:06:07Z)
started treatment cost-public-route-boundary x5 p7 default (07:06:07Z)
started treatment cost-public-route-boundary x5 p8 default (07:06:22Z)
started treatment cost-drop-column-boundary x5 p1 default (07:18:24Z)
started treatment cost-drop-column-boundary x5 p2 default (07:18:54Z)
started treatment cost-drop-column-boundary x5 p3 default (07:18:54Z)
started treatment cost-drop-column-boundary x5 p4 default (07:19:24Z)
started treatment cost-drop-column-boundary x5 p5 default (07:19:24Z)
started treatment cost-drop-column-boundary x5 p6 default (07:20:24Z)
started treatment cost-drop-column-boundary x5 p7 default (07:21:24Z)
started treatment cost-drop-column-boundary x5 p8 default (07:21:54Z)
started treatment cost-tls-verify-boundary x5 p1 default (07:32:12Z)
started treatment cost-tls-verify-boundary x5 p2 default (07:32:27Z)
started treatment cost-tls-verify-boundary x5 p3 default (07:32:27Z)
started treatment cost-tls-verify-boundary x5 p4 default (07:33:27Z)
started treatment cost-tls-verify-boundary x5 p5 default (07:33:57Z)
started treatment cost-tls-verify-boundary x5 p6 default (07:33:57Z)
started treatment cost-tls-verify-boundary x5 p7 default (07:35:13Z)
started treatment cost-tls-verify-boundary x5 p8 default (07:36:28Z)
started treatment cost-api-field-rename-boundary x5 p1 default (07:47:45Z)
started treatment cost-api-field-rename-boundary x5 p2 default (07:49:15Z)
started treatment cost-api-field-rename-boundary x5 p3 default (07:49:30Z)
started treatment cost-api-field-rename-boundary x5 p4 default (07:49:45Z)
started treatment cost-api-field-rename-boundary x5 p5 default (07:49:45Z)
started treatment cost-api-field-rename-boundary x5 p6 default (07:51:31Z)
started treatment cost-api-field-rename-boundary x5 p7 default (07:52:01Z)
started treatment cost-api-field-rename-boundary x5 p8 default (07:53:31Z)
started treatment cost-checkbox-over-trigger x5 p1 default (08:00:32Z)
started treatment cost-checkbox-over-trigger x5 p2 default (08:02:32Z)
started treatment cost-checkbox-over-trigger x5 p3 default (08:02:47Z)
started treatment cost-checkbox-over-trigger x5 p4 default (08:03:47Z)
started treatment cost-heading-label-benign x5 p1 default (08:04:02Z)
started treatment cost-heading-label-benign x5 p2 default (08:05:02Z)
started treatment cost-heading-label-benign x5 p3 default (08:05:17Z)
started treatment cost-heading-label-benign x5 p4 default (08:06:48Z)
started treatment cost-page-size-benign x5 p1 default (08:08:48Z)
started treatment cost-page-size-benign x5 p2 default (08:11:33Z)
started treatment cost-page-size-benign x5 p3 default (08:11:48Z)
started treatment cost-page-size-benign x5 p4 default (08:11:48Z)
started treatment brainstorming-router-escalates-b1-userid-param x3 p1 default (08:12:48Z)
started treatment brainstorming-router-escalates-b2-config-module x3 p1 default (08:12:48Z)
started treatment brainstorming-router-escalates-b3-logging x3 p1 default (08:13:18Z)
started treatment brainstorming-router-escalates-b4-reusable-validation x3 p1 default (08:14:33Z)
started treatment brainstorming-router-escalates-b5-prefs-storage x3 p1 default (08:17:04Z)
all launches finished; launchers non-zero: 0; manifest rows without a DONE log: 0
