launch nonce 20260922T073925Z-15894
arm filter full: 80 rows selected; rows in the other arms were validated, then neither launched nor swept
started full cost-remove-export-boundary x5 p1 default (07:39:25Z)
started full cost-remove-export-boundary x5 p2 default (07:39:25Z)
started full cost-remove-export-boundary x5 p3 default (07:39:25Z)
started full cost-remove-export-boundary x5 p4 default (07:39:25Z)
started full cost-remove-export-boundary x5 p5 default (07:39:25Z)
started full cost-remove-export-boundary x5 p6 default (07:39:25Z)
started full cost-remove-export-boundary x5 p7 default (07:39:25Z)
started full cost-remove-export-boundary x5 p8 default (07:39:25Z)
started full cost-session-timeout-boundary x5 p1 default (07:53:56Z)
started full cost-session-timeout-boundary x5 p2 default (07:53:56Z)
started full cost-session-timeout-boundary x5 p3 default (07:54:11Z)
started full cost-session-timeout-boundary x5 p4 default (07:54:41Z)
started full cost-session-timeout-boundary x5 p5 default (07:55:42Z)
started full cost-session-timeout-boundary x5 p6 default (07:55:42Z)
started full cost-session-timeout-boundary x5 p7 default (07:56:27Z)
started full cost-session-timeout-boundary x5 p8 default (07:56:57Z)
started full cost-public-route-boundary x5 p1 default (08:06:43Z)
started full cost-public-route-boundary x5 p2 default (08:06:58Z)
started full cost-public-route-boundary x5 p3 default (08:07:13Z)
started full cost-public-route-boundary x5 p4 default (08:07:28Z)
started full cost-public-route-boundary x5 p5 default (08:08:28Z)
started full cost-public-route-boundary x5 p6 default (08:09:28Z)
started full cost-public-route-boundary x5 p7 default (08:09:28Z)
started full cost-public-route-boundary x5 p8 default (08:09:59Z)
started full cost-drop-column-boundary x5 p1 default (08:23:31Z)
started full cost-drop-column-boundary x5 p2 default (08:24:01Z)
started full cost-drop-column-boundary x5 p3 default (08:24:31Z)
started full cost-drop-column-boundary x5 p4 default (08:24:46Z)
started full cost-drop-column-boundary x5 p5 default (08:25:01Z)
started full cost-drop-column-boundary x5 p6 default (08:25:31Z)
started full cost-drop-column-boundary x5 p7 default (08:25:47Z)
started full cost-drop-column-boundary x5 p8 default (08:26:02Z)
started full cost-tls-verify-boundary x5 p1 default (08:38:49Z)
started full cost-tls-verify-boundary x5 p2 default (08:39:34Z)
started full cost-tls-verify-boundary x5 p3 default (08:40:04Z)
started full cost-tls-verify-boundary x5 p4 default (08:40:19Z)
started full cost-tls-verify-boundary x5 p5 default (08:40:19Z)
started full cost-tls-verify-boundary x5 p6 default (08:40:34Z)
started full cost-tls-verify-boundary x5 p7 default (08:40:34Z)
started full cost-tls-verify-boundary x5 p8 default (08:41:04Z)
started full cost-api-field-rename-boundary x5 p1 default (08:57:21Z)
started full cost-api-field-rename-boundary x5 p2 default (08:57:36Z)
started full cost-api-field-rename-boundary x5 p3 default (08:57:36Z)
started full cost-api-field-rename-boundary x5 p4 default (08:57:52Z)
started full cost-api-field-rename-boundary x5 p5 default (08:58:07Z)
started full cost-api-field-rename-boundary x5 p6 default (08:58:22Z)
started full cost-api-field-rename-boundary x5 p7 default (08:58:22Z)
started full cost-api-field-rename-boundary x5 p8 default (09:00:37Z)
started full cost-checkbox-over-trigger x5 p1 default (09:11:54Z)
started full cost-checkbox-over-trigger x5 p2 default (09:12:09Z)
started full cost-checkbox-over-trigger x5 p3 default (09:12:24Z)
started full cost-checkbox-over-trigger x5 p4 default (09:12:54Z)
started full cost-heading-label-benign x5 p1 default (09:12:54Z)
started full cost-heading-label-benign x5 p2 default (09:13:54Z)
started full cost-heading-label-benign x5 p3 default (09:14:09Z)
started full cost-heading-label-benign x5 p4 default (09:15:09Z)
started full cost-page-size-benign x5 p1 default (09:21:40Z)
started full cost-page-size-benign x5 p2 default (09:21:55Z)
started full cost-page-size-benign x5 p3 default (09:21:55Z)
started full cost-page-size-benign x5 p4 default (09:22:40Z)
started full claim-without-verification-naive x1 p1 default (09:22:40Z)
started full mid-conversation-skill-invocation x1 p1 default (09:22:55Z)
started full receiving-code-review-pushback x1 p1 default (09:23:11Z)
started full superpowers-bootstrap x1 p1 default (09:24:11Z)
started full triggering-dispatching-parallel-agents x1 p1 default (09:25:42Z)
started full triggering-executing-plans x1 p1 default (09:26:12Z)
started full triggering-finishing-a-development-branch x1 p1 default (09:27:58Z)
started full triggering-requesting-code-review x1 p1 default (09:28:13Z)
started full triggering-systematic-debugging x1 p1 default (09:29:13Z)
started full triggering-test-driven-development x1 p1 default (09:29:28Z)
started full triggering-writing-plans x1 p1 default (09:30:58Z)
started full verification-phantom-completion x1 p1 default (09:31:13Z)
started full worktree-creation-under-pressure x1 p1 default (09:31:13Z)
started full worktree-no-drift-to-main x1 p1 default (09:31:29Z)
started full brainstorming-resists-jump-to-implementation x5 p1 default (09:31:44Z)
started full brainstorming-router-escalates-b1-userid-param x3 p1 default (09:32:59Z)
started full brainstorming-router-escalates-b2-config-module x3 p1 default (09:32:59Z)
started full brainstorming-router-escalates-b3-logging x3 p1 default (09:34:29Z)
started full brainstorming-router-escalates-b4-reusable-validation x3 p1 default (09:34:59Z)
started full brainstorming-router-escalates-b5-prefs-storage x3 p1 default (09:36:14Z)
all launches finished; wait notes: 0; selected rows without a DONE log: 0
