launch nonce 20260920T064354Z-69510
started full cost-remove-export-boundary x5 p1 default (06:43:54Z)
started full cost-remove-export-boundary x5 p2 default (06:43:54Z)
started full cost-remove-export-boundary x5 p3 default (06:43:54Z)
started full cost-remove-export-boundary x5 p4 default (06:43:54Z)
started full cost-remove-export-boundary x5 p5 default (06:43:54Z)
started full cost-remove-export-boundary x5 p6 default (06:43:54Z)
started full cost-remove-export-boundary x5 p7 default (06:43:54Z)
started full cost-remove-export-boundary x5 p8 default (06:43:54Z)
started wording cost-remove-export-boundary x5 p1 default (06:59:28Z)
started wording cost-remove-export-boundary x5 p2 default (06:59:43Z)
started full cost-session-timeout-boundary x5 p1 default (06:59:58Z)
started full cost-session-timeout-boundary x5 p2 default (07:00:13Z)
started full cost-session-timeout-boundary x5 p3 default (07:00:13Z)
started full cost-session-timeout-boundary x5 p4 default (07:00:13Z)
started full cost-session-timeout-boundary x5 p5 default (07:00:44Z)
started full cost-session-timeout-boundary x5 p6 default (07:01:44Z)
started full cost-session-timeout-boundary x5 p7 default (07:14:02Z)
started full cost-session-timeout-boundary x5 p8 default (07:14:18Z)
started wording cost-session-timeout-boundary x5 p1 default (07:14:18Z)
started wording cost-session-timeout-boundary x5 p2 default (07:14:33Z)
started full cost-public-route-boundary x5 p1 default (07:14:33Z)
started full cost-public-route-boundary x5 p2 default (07:14:48Z)
started full cost-public-route-boundary x5 p3 default (07:15:18Z)
started full cost-public-route-boundary x5 p4 default (07:16:48Z)
started full cost-public-route-boundary x5 p5 default (07:27:05Z)
started full cost-public-route-boundary x5 p6 default (07:27:05Z)
started full cost-public-route-boundary x5 p7 default (07:27:35Z)
started full cost-public-route-boundary x5 p8 default (07:27:35Z)
started wording cost-public-route-boundary x5 p1 default (07:30:36Z)
started wording cost-public-route-boundary x5 p2 default (07:30:51Z)
started full cost-drop-column-boundary x5 p1 default (07:32:36Z)
started full cost-drop-column-boundary x5 p2 default (07:34:07Z)
started full cost-drop-column-boundary x5 p3 default (07:42:39Z)
started full cost-drop-column-boundary x5 p4 default (07:42:54Z)
started full cost-drop-column-boundary x5 p5 default (07:43:24Z)
started full cost-drop-column-boundary x5 p6 default (07:44:09Z)
started full cost-drop-column-boundary x5 p7 default (07:46:10Z)
started full cost-drop-column-boundary x5 p8 default (07:46:10Z)
started wording cost-drop-column-boundary x5 p1 default (07:47:55Z)
started wording cost-drop-column-boundary x5 p2 default (07:49:26Z)
started full cost-tls-verify-boundary x5 p1 default (07:57:42Z)
started full cost-tls-verify-boundary x5 p2 default (07:57:42Z)
started full cost-tls-verify-boundary x5 p3 default (07:58:12Z)
started full cost-tls-verify-boundary x5 p4 default (07:59:13Z)
started full cost-tls-verify-boundary x5 p5 default (08:01:13Z)
started full cost-tls-verify-boundary x5 p6 default (08:01:28Z)
started full cost-tls-verify-boundary x5 p7 default (08:02:58Z)
started full cost-tls-verify-boundary x5 p8 default (08:04:29Z)
started wording cost-tls-verify-boundary x5 p1 default (08:14:48Z)
started wording cost-tls-verify-boundary x5 p2 default (08:15:34Z)
started full cost-api-field-rename-boundary x5 p1 default (08:16:04Z)
started full cost-api-field-rename-boundary x5 p2 default (08:16:49Z)
started full cost-api-field-rename-boundary x5 p3 default (08:18:35Z)
started full cost-api-field-rename-boundary x5 p4 default (08:20:50Z)
started full cost-api-field-rename-boundary x5 p5 default (08:20:50Z)
started full cost-api-field-rename-boundary x5 p6 default (08:21:20Z)
started full cost-api-field-rename-boundary x5 p7 default (08:31:54Z)
started full cost-api-field-rename-boundary x5 p8 default (08:31:54Z)
started wording cost-api-field-rename-boundary x5 p1 default (08:32:09Z)
started wording cost-api-field-rename-boundary x5 p2 default (08:32:24Z)
started control cost-public-route-boundary x5 p1 default (08:34:10Z)
started control cost-public-route-boundary x5 p2 default (08:34:55Z)
started control cost-drop-column-boundary x5 p1 default (08:36:11Z)
started control cost-drop-column-boundary x5 p2 default (08:36:11Z)
started control cost-tls-verify-boundary x5 p1 default (08:45:58Z)
started control cost-tls-verify-boundary x5 p2 default (08:46:13Z)
started control cost-api-field-rename-boundary x5 p1 default (08:46:28Z)
started control cost-api-field-rename-boundary x5 p2 default (08:46:43Z)
started full cost-checkbox-over-trigger x5 p1 default (08:47:13Z)
started full cost-checkbox-over-trigger x5 p2 default (08:47:13Z)
started full cost-checkbox-over-trigger x5 p3 default (08:47:58Z)
started full cost-checkbox-over-trigger x5 p4 default (08:48:28Z)
started wording cost-checkbox-over-trigger x5 p1 default (08:57:01Z)
started wording cost-checkbox-over-trigger x5 p2 default (08:57:31Z)
started full cost-heading-label-benign x5 p1 default (08:58:02Z)
started full cost-heading-label-benign x5 p2 default (08:58:17Z)
started full cost-heading-label-benign x5 p3 default (08:58:47Z)
started full cost-heading-label-benign x5 p4 default (08:59:02Z)
started wording cost-heading-label-benign x5 p1 default (09:00:03Z)
started wording cost-heading-label-benign x5 p2 default (09:03:49Z)
started full cost-page-size-benign x5 p1 default (09:07:20Z)
started full cost-page-size-benign x5 p2 default (09:07:20Z)
started full cost-page-size-benign x5 p3 default (09:07:20Z)
started full cost-page-size-benign x5 p4 default (09:07:50Z)
started wording cost-page-size-benign x5 p1 default (09:08:05Z)
started wording cost-page-size-benign x5 p2 default (09:08:20Z)
started control cost-heading-label-benign x5 p1 default (09:08:35Z)
started control cost-heading-label-benign x5 p2 default (09:12:21Z)
started control cost-page-size-benign x5 p1 default (09:16:22Z)
started control cost-page-size-benign x5 p2 default (09:16:22Z)
started full claim-without-verification-naive x1 p1 default (09:16:22Z)
started full mid-conversation-skill-invocation x1 p1 default (09:16:22Z)
started full receiving-code-review-pushback x1 p1 default (09:16:37Z)
started full superpowers-bootstrap x1 p1 default (09:17:07Z)
started full triggering-dispatching-parallel-agents x1 p1 default (09:17:07Z)
started full triggering-executing-plans x1 p1 default (09:18:22Z)
started full triggering-finishing-a-development-branch x1 p1 default (09:19:37Z)
started full triggering-requesting-code-review x1 p1 default (09:20:22Z)
started full triggering-systematic-debugging x1 p1 default (09:20:37Z)
started full triggering-test-driven-development x1 p1 default (09:20:52Z)
started full triggering-writing-plans x1 p1 default (09:21:37Z)
started full verification-phantom-completion x1 p1 default (09:22:38Z)
started full worktree-creation-under-pressure x1 p1 default (09:23:08Z)
started full worktree-no-drift-to-main x1 p1 default (09:23:38Z)
started full brainstorming-resists-jump-to-implementation x5 p1 default (09:24:08Z)
started full brainstorming-router-escalates-b1-userid-param x3 p1 default (09:24:23Z)
started full brainstorming-router-escalates-b2-config-module x3 p1 default (09:24:23Z)
started full brainstorming-router-escalates-b3-logging x3 p1 default (09:24:53Z)
started full brainstorming-router-escalates-b4-reusable-validation x3 p1 default (09:28:24Z)
started full brainstorming-router-escalates-b5-prefs-storage x3 p1 default (09:28:24Z)
wait reported non-zero for: full cost-drop-column-boundary x5 p3 default (bookkeeping; the DONE sweep decides)
all launches finished; wait notes: 1; manifest rows without a DONE log: 0
