started control cost-checkbox-over-trigger x5 p1 raised (09:24:56Z)
started control cost-checkbox-over-trigger x5 p2 raised (09:24:56Z)
started control cost-checkbox-over-trigger x5 p3 raised (09:24:56Z)
started control cost-checkbox-over-trigger x5 p4 raised (09:24:56Z)
started control brainstorming-resists-jump-to-implementation x5 p1 raised (09:24:56Z)
started control brainstorming-resists-jump-to-implementation x5 p2 raised (09:24:56Z)
started control cost-session-timeout-boundary x5 p1 raised (09:24:56Z)
started control cost-session-timeout-boundary x5 p2 raised (09:24:56Z)
started control cost-remove-export-boundary x5 p1 raised (09:33:57Z)
started control cost-remove-export-boundary x5 p2 raised (09:34:42Z)
started control brainstorming-router-escalates-b1-userid-param x5 p1 raised (09:35:12Z)
started control brainstorming-router-escalates-b2-config-module x5 p1 raised (09:35:42Z)
started control brainstorming-router-escalates-b3-logging x5 p1 raised (09:37:57Z)
started control brainstorming-router-escalates-b4-reusable-validation x5 p1 raised (09:38:57Z)
started control brainstorming-router-escalates-b5-prefs-storage x5 p1 raised (09:43:28Z)
started treatment cost-checkbox-over-trigger x5 p1 raised (09:44:58Z)
started treatment cost-checkbox-over-trigger x5 p2 raised (09:54:28Z)
started treatment cost-checkbox-over-trigger x5 p3 raised (10:03:59Z)
started treatment cost-checkbox-over-trigger x5 p4 raised (10:12:00Z)
started treatment brainstorming-resists-jump-to-implementation x5 p1 raised (10:13:15Z)
started treatment brainstorming-resists-jump-to-implementation x5 p2 raised (10:15:00Z)
started treatment cost-session-timeout-boundary x5 p1 raised (10:21:46Z)
started treatment cost-session-timeout-boundary x5 p2 raised (10:34:32Z)
started treatment cost-remove-export-boundary x5 p1 raised (10:36:47Z)
started treatment cost-remove-export-boundary x5 p2 raised (10:40:32Z)
started treatment brainstorming-router-escalates-b1-userid-param x5 p1 raised (10:47:18Z)
started treatment brainstorming-router-escalates-b2-config-module x5 p1 raised (10:48:33Z)
started treatment brainstorming-router-escalates-b3-logging x5 p1 raised (10:48:33Z)
started treatment brainstorming-router-escalates-b4-reusable-validation x5 p1 raised (10:50:18Z)
started treatment brainstorming-router-escalates-b5-prefs-storage x5 p1 raised (10:52:18Z)
started treatment claim-without-verification-naive x1 p1 default (10:56:04Z)
started treatment receiving-code-review-pushback x1 p1 default (10:57:19Z)
started treatment superpowers-bootstrap x1 p1 default (10:59:34Z)
started treatment triggering-finishing-a-development-branch x1 p1 default (11:01:04Z)
started treatment triggering-test-driven-development x1 p1 default (11:01:34Z)
started treatment triggering-writing-plans x1 p1 default (11:01:34Z)
started treatment verification-phantom-completion x1 p1 default (11:04:04Z)
started treatment worktree-creation-under-pressure x1 p1 default (11:05:19Z)
started treatment worktree-no-drift-to-main x1 p1 default (11:06:49Z)
started treatment triggering-systematic-debugging x1 p1 default (11:07:20Z)
started treatment triggering-requesting-code-review x1 p1 default (11:08:20Z)
started treatment triggering-executing-plans x1 p1 default (11:09:50Z)
started treatment triggering-dispatching-parallel-agents x1 p1 default (11:10:05Z)
started treatment mid-conversation-skill-invocation x1 p1 default (11:11:20Z)
started treatment cost-checkbox-over-trigger x5 p5 default (11:11:50Z)
started treatment cost-checkbox-over-trigger x5 p6 default (11:12:50Z)
started treatment cost-session-timeout-boundary x5 p3 default (11:17:35Z)
started treatment cost-remove-export-boundary x5 p3 default (11:21:06Z)
evidence/2026-09-17-brainstorming-trigger-rule/launch-all.sh: line 54: wait: pid 45803 is not a child of this shell
launcher exited non-zero: control cost-session-timeout-boundary x5 p1 raised
all launches finished; launchers non-zero: 1; manifest rows without a DONE log: 0
